mvn : WARNING: A terminally deprecated method in 
sun.misc.Unsafe has been called
At line:1 char:1
+ mvn compile 2>&1 > compile.log; cat compile.log | 
Select-Object -Last ...
+ ~~~~~~~~~~~~~~~~~~~~~~~~~~~~~~
    + CategoryInfo          : NotSpecified: (WARNING: A term... 
   has been called:String) [], RemoteException
    + FullyQualifiedErrorId : NativeCommandError
 
WARNING: sun.misc.Unsafe::staticFieldBase has been called by 
com.google.inject.internal.aop.HiddenClassDefiner 
(file:/C:/apache-maven-3.9.11/lib/guice-5.1.0-classes.jar)
WARNING: Please consider reporting this to the maintainers of 
class com.google.inject.internal.aop.HiddenClassDefiner
WARNING: sun.misc.Unsafe::staticFieldBase will be removed in a 
future release
[INFO] Scanning for projects...
[WARNING] 
[WARNING] Some problems were encountered while building the effective model for com.school:student-management-system:jar:1.0-SNAPSHOT
[WARNING] 'build.plugins.plugin.version' for org.apache.maven.plugins:maven-compiler-plugin is missing. @ line 109, column 21
[WARNING] 
[WARNING] It is highly recommended to fix these problems because they threaten the stability of your build.
[WARNING] 
[WARNING] For this reason, future Maven versions might no longer support building such malformed projects.
[WARNING] 
[INFO] 
[INFO] ----------------< com.school:student-management-system >----------------
[INFO] Building student-management-system 1.0-SNAPSHOT
[INFO]   from pom.xml
[INFO] --------------------------------[ jar ]---------------------------------
[INFO] 
[INFO] --- jacoco:0.8.10:prepare-agent (default) @ student-management-system ---
[INFO] Skipping JaCoCo execution because property jacoco.skip is set.
[INFO] argLine set to empty
[INFO] 
[INFO] --- resources:3.3.1:resources (default-resources) @ student-management-system ---
[WARNING] Using platform encoding (UTF-8 actually) to copy filtered resources, i.e. build is platform dependent!
[INFO] skip non existing resourceDirectory C:\Users\ZakariaOsman\IdeaProjects\StudentGradeManagementSystem\src\main\resources
[INFO] 
[INFO] --- compiler:3.13.0:compile (default-compile) @ student-management-system ---
[INFO] Recompiling the module because of changed source code.
[WARNING] File encoding has not been set, using platform encoding UTF-8, i.e. build is platform dependent!
[INFO] Compiling 51 source files with javac [debug target 25] to target\classes
[INFO] /C:/Users/ZakariaOsman/IdeaProjects/StudentGradeManagementSystem/src/main/java/audit/AuditLogger.java: C:\Users\ZakariaOsman\IdeaProjects\StudentGradeManagementSystem\src\main\java\audit\AuditLogger.java uses or overrides a deprecated API.
[INFO] /C:/Users/ZakariaOsman/IdeaProjects/StudentGradeManagementSystem/src/main/java/audit/AuditLogger.java: Recompile with -Xlint:deprecation for details.
[INFO] -------------------------------------------------------------
[ERROR] COMPILATION ERROR : 
[INFO] -------------------------------------------------------------
[ERROR] /C:/Users/ZakariaOsman/IdeaProjects/StudentGradeManagementSystem/src/main/java/scheduler/TaskScheduler.java:[225,17] cannot find symbol
  symbol:   class Grade
  location: class scheduler.TaskScheduler
[ERROR] /C:/Users/ZakariaOsman/IdeaProjects/StudentGradeManagementSystem/src/main/java/scheduler/TaskScheduler.java:[256,17] cannot find symbol
  symbol:   class Grade
  location: class scheduler.TaskScheduler
[ERROR] /C:/Users/ZakariaOsman/IdeaProjects/StudentGradeManagementSystem/src/main/java/search/ConcurrentReportGenerator.java:[190,21] cannot find symbol
  symbol:   class Grade
  location: class search.ConcurrentReportGenerator.ReportTask
[ERROR] /C:/Users/ZakariaOsman/IdeaProjects/StudentGradeManagementSystem/src/main/java/search/ConcurrentReportGenerator.java:[475,13] cannot find symbol
  symbol:   class Grade
  location: class search.ConcurrentReportGenerator
[ERROR] /C:/Users/ZakariaOsman/IdeaProjects/StudentGradeManagementSystem/src/main/java/search/ConcurrentReportGenerator.java:[491,13] cannot find symbol
  symbol:   class Grade
  location: class search.ConcurrentReportGenerator
[ERROR] /C:/Users/ZakariaOsman/IdeaProjects/StudentGradeManagementSystem/src/main/java/search/RegexSearchEngine.java:[573,51] cannot find symbol
  symbol:   class HonorsStudent
  location: class search.RegexSearchEngine
[ERROR] /C:/Users/ZakariaOsman/IdeaProjects/StudentGradeManagementSystem/src/main/java/search/RegexSearchEngine.java:[578,51] cannot find symbol
  symbol:   class RegularStudent
  location: class search.RegexSearchEngine
[ERROR] /C:/Users/ZakariaOsman/IdeaProjects/StudentGradeManagementSystem/src/main/java/ui/Main.java:[48,34] cannot find symbol
  symbol:   class TaskScheduler
  location: class ui.Main
[ERROR] /C:/Users/ZakariaOsman/IdeaProjects/StudentGradeManagementSystem/src/main/java/ui/Main.java:[58,18] cannot find symbol
  symbol:   class Student
  location: class ui.Main
[ERROR] /C:/Users/ZakariaOsman/IdeaProjects/StudentGradeManagementSystem/src/main/java/ui/Menu.java:[195,38] cannot find symbol
  symbol:   variable StudentFactory
  location: class ui.Menu
[ERROR] /C:/Users/ZakariaOsman/IdeaProjects/StudentGradeManagementSystem/src/main/java/ui/Menu.java:[200,21] cannot find symbol
  symbol:   variable CacheManager
  location: class ui.Menu
[ERROR] /C:/Users/ZakariaOsman/IdeaProjects/StudentGradeManagementSystem/src/main/java/ui/Menu.java:[206,23] cannot find symbol
  symbol:   variable AuditLogger
  location: class ui.Menu
[ERROR] /C:/Users/ZakariaOsman/IdeaProjects/StudentGradeManagementSystem/src/main/java/ui/Menu.java:[215,23] cannot find symbol
  symbol:   variable AuditLogger
  location: class ui.Menu
[ERROR] /C:/Users/ZakariaOsman/IdeaProjects/StudentGradeManagementSystem/src/main/java/ui/Menu.java:[220,23] cannot find symbol
  symbol:   variable AuditLogger
  location: class ui.Menu
[ERROR] /C:/Users/ZakariaOsman/IdeaProjects/StudentGradeManagementSystem/src/main/java/ui/Menu.java:[261,30] cannot find symbol
  symbol:   class HonorsStudent
  location: class ui.Menu
[ERROR] /C:/Users/ZakariaOsman/IdeaProjects/StudentGradeManagementSystem/src/main/java/ui/Menu.java:[309,17] cannot find symbol
  symbol:   class Subject
  location: class ui.Menu
[ERROR] /C:/Users/ZakariaOsman/IdeaProjects/StudentGradeManagementSystem/src/main/java/ui/Menu.java:[317,52] cannot find symbol
  symbol:   class CoreSubject
  location: class ui.Menu
[ERROR] /C:/Users/ZakariaOsman/IdeaProjects/StudentGradeManagementSystem/src/main/java/ui/Menu.java:[318,57] cannot find symbol
  symbol:   class CoreSubject
  location: class ui.Menu
[ERROR] /C:/Users/ZakariaOsman/IdeaProjects/StudentGradeManagementSystem/src/main/java/ui/Menu.java:[319,57] cannot find symbol
  symbol:   class CoreSubject
  location: class ui.Menu
[ERROR] /C:/Users/ZakariaOsman/IdeaProjects/StudentGradeManagementSystem/src/main/java/ui/Menu.java:[328,52] cannot find symbol
  symbol:   class ElectiveSubject
  location: class ui.Menu
[ERROR] /C:/Users/ZakariaOsman/IdeaProjects/StudentGradeManagementSystem/src/main/java/ui/Menu.java:[329,57] cannot find symbol
  symbol:   class ElectiveSubject
  location: class ui.Menu
[ERROR] /C:/Users/ZakariaOsman/IdeaProjects/StudentGradeManagementSystem/src/main/java/ui/Menu.java:[330,57] cannot find symbol
  symbol:   class ElectiveSubject
  location: class ui.Menu
[ERROR] /C:/Users/ZakariaOsman/IdeaProjects/StudentGradeManagementSystem/src/main/java/ui/Menu.java:[343,17] cannot find symbol
  symbol:   class Grade
  location: class ui.Menu
[ERROR] /C:/Users/ZakariaOsman/IdeaProjects/StudentGradeManagementSystem/src/main/java/ui/Menu.java:[343,38] cannot find symbol
  symbol:   class Grade
  location: class ui.Menu
[ERROR] /C:/Users/ZakariaOsman/IdeaProjects/StudentGradeManagementSystem/src/main/java/ui/Menu.java:[372,19] cannot find symbol
  symbol:   variable AuditLogger
  location: class ui.Menu
[ERROR] /C:/Users/ZakariaOsman/IdeaProjects/StudentGradeManagementSystem/src/main/java/ui/Menu.java:[375,19] cannot find symbol
  symbol:   variable AuditLogger
  location: class ui.Menu
[ERROR] /C:/Users/ZakariaOsman/IdeaProjects/StudentGradeManagementSystem/src/main/java/ui/Menu.java:[405,13] cannot find symbol
  symbol:   class Grade
  location: class ui.Menu
[ERROR] /C:/Users/ZakariaOsman/IdeaProjects/StudentGradeManagementSystem/src/main/java/ui/Menu.java:[407,43] gradeToGPA(int) is not public in core.Student; cannot be accessed from outside package
[ERROR] /C:/Users/ZakariaOsman/IdeaProjects/StudentGradeManagementSystem/src/main/java/ui/Menu.java:[492,9] cannot find symbol
  symbol:   class Grade
  location: class ui.Menu
[ERROR] /C:/Users/ZakariaOsman/IdeaProjects/StudentGradeManagementSystem/src/main/java/ui/Menu.java:[493,9] cannot find symbol
  symbol:   class Grade
  location: class ui.Menu
[ERROR] /C:/Users/ZakariaOsman/IdeaProjects/StudentGradeManagementSystem/src/main/java/ui/Menu.java:[496,13] cannot find symbol
  symbol:   class Grade
  location: class ui.Menu
[ERROR] /C:/Users/ZakariaOsman/IdeaProjects/StudentGradeManagementSystem/src/main/java/ui/Menu.java:[564,13] cannot find symbol
  symbol:   class Grade
  location: class ui.Menu
[ERROR] /C:/Users/ZakariaOsman/IdeaProjects/StudentGradeManagementSystem/src/main/java/ui/Menu.java:[598,30] cannot find symbol
  symbol:   class HonorsStudent
  location: class ui.Menu
[ERROR] /C:/Users/ZakariaOsman/IdeaProjects/StudentGradeManagementSystem/src/main/java/ui/Menu.java:[671,25] cannot find symbol
  symbol:   class Grade
  location: class ui.Menu
[ERROR] /C:/Users/ZakariaOsman/IdeaProjects/StudentGradeManagementSystem/src/main/java/ui/Menu.java:[770,60] fileName is not public in manager.FileFormatManager.FileStats; cannot be accessed from outside package
[ERROR] /C:/Users/ZakariaOsman/IdeaProjects/StudentGradeManagementSystem/src/main/java/ui/Menu.java:[771,65] fileSize is not public in manager.FileFormatManager.FileStats; cannot be accessed from outside package
[ERROR] /C:/Users/ZakariaOsman/IdeaProjects/StudentGradeManagementSystem/src/main/java/ui/Menu.java:[772,73] recordsProcessed is not public in manager.FileFormatManager.FileStats; cannot be accessed from outside package
[ERROR] /C:/Users/ZakariaOsman/IdeaProjects/StudentGradeManagementSystem/src/main/java/ui/Menu.java:[773,77] successCount is not public in manager.FileFormatManager.FileStats; cannot be accessed from outside package
[ERROR] /C:/Users/ZakariaOsman/IdeaProjects/StudentGradeManagementSystem/src/main/java/ui/Menu.java:[774,62] failureCount is not public in manager.FileFormatManager.FileStats; cannot be accessed from outside package
[ERROR] /C:/Users/ZakariaOsman/IdeaProjects/StudentGradeManagementSystem/src/main/java/ui/Menu.java:[775,65] readTime is not public in manager.FileFormatManager.FileStats; cannot be accessed from outside package
[ERROR] /C:/Users/ZakariaOsman/IdeaProjects/StudentGradeManagementSystem/src/main/java/ui/Menu.java:[782,48] fileName is not public in manager.FileFormatManager.FileStats; cannot be accessed from outside package
[ERROR] /C:/Users/ZakariaOsman/IdeaProjects/StudentGradeManagementSystem/src/main/java/ui/Menu.java:[782,77] recordsProcessed is not public in manager.FileFormatManager.FileStats; cannot be accessed from outside package
[ERROR] /C:/Users/ZakariaOsman/IdeaProjects/StudentGradeManagementSystem/src/main/java/ui/Menu.java:[783,52] successCount is not public in manager.FileFormatManager.FileStats; cannot be accessed from outside package
[ERROR] /C:/Users/ZakariaOsman/IdeaProjects/StudentGradeManagementSystem/src/main/java/ui/Menu.java:[783,86] failureCount is not public in manager.FileFormatManager.FileStats; cannot be accessed from outside package
[ERROR] /C:/Users/ZakariaOsman/IdeaProjects/StudentGradeManagementSystem/src/main/java/ui/Menu.java:[781,29] cannot find symbol
  symbol:   variable AuditLogger
  location: class ui.Menu
[ERROR] /C:/Users/ZakariaOsman/IdeaProjects/StudentGradeManagementSystem/src/main/java/ui/Menu.java:[908,50] cannot find symbol
  symbol:   variable StudentFactory
  location: class ui.Menu
[ERROR] /C:/Users/ZakariaOsman/IdeaProjects/StudentGradeManagementSystem/src/main/java/ui/Menu.java:[914,33] cannot find symbol
  symbol:   variable CacheManager
  location: class ui.Menu
[ERROR] /C:/Users/ZakariaOsman/IdeaProjects/StudentGradeManagementSystem/src/main/java/ui/Menu.java:[950,21] cannot find symbol
  symbol:   variable AuditLogger
  location: class ui.Menu
[ERROR] /C:/Users/ZakariaOsman/IdeaProjects/StudentGradeManagementSystem/src/main/java/ui/Menu.java:[962,23] cannot find symbol
  symbol:   variable AuditLogger
  location: class ui.Menu
[ERROR] /C:/Users/ZakariaOsman/IdeaProjects/StudentGradeManagementSystem/src/main/java/ui/Menu.java:[1336,23] cannot find symbol
  symbol:   class Grade
  location: class ui.Menu
[ERROR] /C:/Users/ZakariaOsman/IdeaProjects/StudentGradeManagementSystem/src/main/java/ui/Menu.java:[1389,39] recordsProcessed is not public in manager.FileFormatManager.FileStats; cannot be accessed from outside package
[ERROR] /C:/Users/ZakariaOsman/IdeaProjects/StudentGradeManagementSystem/src/main/java/ui/Menu.java:[1465,13] cannot find symbol
  symbol:   class StatisticsDashboard
  location: class ui.Menu
[ERROR] /C:/Users/ZakariaOsman/IdeaProjects/StudentGradeManagementSystem/src/main/java/ui/Menu.java:[1465,49] cannot find symbol
  symbol:   class StatisticsDashboard
  location: class ui.Menu
[ERROR] /C:/Users/ZakariaOsman/IdeaProjects/StudentGradeManagementSystem/src/main/java/ui/Menu.java:[1518,13] cannot find symbol
  symbol:   class ConcurrentReportGenerator
  location: class ui.Menu
[ERROR] /C:/Users/ZakariaOsman/IdeaProjects/StudentGradeManagementSystem/src/main/java/ui/Menu.java:[1518,55] cannot find symbol
  symbol:   class ConcurrentReportGenerator
  location: class ui.Menu
[ERROR] /C:/Users/ZakariaOsman/IdeaProjects/StudentGradeManagementSystem/src/main/java/ui/Menu.java:[1521,50] package ConcurrentReportGenerator does not exist
[ERROR] /C:/Users/ZakariaOsman/IdeaProjects/StudentGradeManagementSystem/src/main/java/ui/Menu.java:[1948,64] student is not public in search.RegexSearchEngine.SearchResult; cannot be accessed from outside package
[ERROR] /C:/Users/ZakariaOsman/IdeaProjects/StudentGradeManagementSystem/src/main/java/ui/Menu.java:[1949,59] student is not public in search.RegexSearchEngine.SearchResult; cannot be accessed from outside package
[ERROR] /C:/Users/ZakariaOsman/IdeaProjects/StudentGradeManagementSystem/src/main/java/ui/Menu.java:[1950,62] student is not public in search.RegexSearchEngine.SearchResult; cannot be accessed from outside package
[ERROR] /C:/Users/ZakariaOsman/IdeaProjects/StudentGradeManagementSystem/src/main/java/ui/Menu.java:[1951,62] student is not public in search.RegexSearchEngine.SearchResult; cannot be accessed from outside package
[ERROR] /C:/Users/ZakariaOsman/IdeaProjects/StudentGradeManagementSystem/src/main/java/ui/Menu.java:[1952,82] student is not public in search.RegexSearchEngine.SearchResult; cannot be accessed from outside package
[ERROR] /C:/Users/ZakariaOsman/IdeaProjects/StudentGradeManagementSystem/src/main/java/ui/Menu.java:[1953,63] student is not public in search.RegexSearchEngine.SearchResult; cannot be accessed from outside package
[ERROR] /C:/Users/ZakariaOsman/IdeaProjects/StudentGradeManagementSystem/src/main/java/ui/Menu.java:[1954,70] matchedField is not public in search.RegexSearchEngine.SearchResult; cannot be accessed from outside package
[ERROR] /C:/Users/ZakariaOsman/IdeaProjects/StudentGradeManagementSystem/src/main/java/ui/Menu.java:[1955,68] highlightedMatch is not public in search.RegexSearchEngine.SearchResult; cannot be accessed from outside package
[ERROR] /C:/Users/ZakariaOsman/IdeaProjects/StudentGradeManagementSystem/src/main/java/ui/Menu.java:[1975,9] cannot find symbol
  symbol:   class CacheManager
  location: class ui.Menu
[ERROR] /C:/Users/ZakariaOsman/IdeaProjects/StudentGradeManagementSystem/src/main/java/ui/Menu.java:[1975,30] cannot find symbol
  symbol:   variable CacheManager
  location: class ui.Menu
[ERROR] /C:/Users/ZakariaOsman/IdeaProjects/StudentGradeManagementSystem/src/main/java/ui/Menu.java:[2087,13] cannot find symbol
  symbol:   class Grade
  location: class ui.Menu
[ERROR] /C:/Users/ZakariaOsman/IdeaProjects/StudentGradeManagementSystem/src/main/java/ui/Menu.java:[2125,13] cannot find symbol
  symbol:   class Grade
  location: class ui.Menu
[ERROR] /C:/Users/ZakariaOsman/IdeaProjects/StudentGradeManagementSystem/src/main/java/ui/Menu.java:[2153,13] cannot find symbol
  symbol:   class Grade
  location: class ui.Menu
[ERROR] /C:/Users/ZakariaOsman/IdeaProjects/StudentGradeManagementSystem/src/main/java/ui/Menu.java:[2186,13] cannot find symbol
  symbol:   class Grade
  location: class ui.Menu
[ERROR] /C:/Users/ZakariaOsman/IdeaProjects/StudentGradeManagementSystem/src/main/java/ui/Menu.java:[2219,13] cannot find symbol
  symbol:   class Grade
  location: class ui.Menu
[ERROR] /C:/Users/ZakariaOsman/IdeaProjects/StudentGradeManagementSystem/src/main/java/ui/Menu.java:[2260,13] cannot find symbol
  symbol:   class Grade
  location: class ui.Menu
[ERROR] /C:/Users/ZakariaOsman/IdeaProjects/StudentGradeManagementSystem/src/main/java/ui/Menu.java:[2329,13] cannot find symbol
  symbol:   class Grade
  location: class ui.Menu
[ERROR] /C:/Users/ZakariaOsman/IdeaProjects/StudentGradeManagementSystem/src/main/java/ui/Menu.java:[2378,9] cannot find symbol
  symbol:   class AuditLogger
  location: class ui.Menu
[ERROR] /C:/Users/ZakariaOsman/IdeaProjects/StudentGradeManagementSystem/src/main/java/ui/Menu.java:[2378,30] cannot find symbol
  symbol:   variable AuditLogger
  location: class ui.Menu
[ERROR] /C:/Users/ZakariaOsman/IdeaProjects/StudentGradeManagementSystem/src/main/java/ui/Menu.java:[2505,43] cannot find symbol
  symbol:   class HonorsStudent
  location: class ui.Menu
[ERROR] /C:/Users/ZakariaOsman/IdeaProjects/StudentGradeManagementSystem/src/main/java/ui/Menu.java:[2518,43] cannot find symbol
  symbol:   class HonorsStudent
  location: class ui.Menu
[ERROR] /C:/Users/ZakariaOsman/IdeaProjects/StudentGradeManagementSystem/src/main/java/ui/Menu.java:[2527,43] cannot find symbol
  symbol:   class HonorsStudent
  location: class ui.Menu
[ERROR] /C:/Users/ZakariaOsman/IdeaProjects/StudentGradeManagementSystem/src/main/java/ui/Menu.java:[2581,52] cannot find symbol
  symbol:   variable Grade
  location: class ui.Menu
[INFO] 79 errors 
[INFO] -------------------------------------------------------------
[INFO] ------------------------------------------------------------------------
[INFO] BUILD FAILURE
[INFO] ------------------------------------------------------------------------
[INFO] Total time:  6.297 s
[INFO] Finished at: 2026-01-12T16:02:05Z
[INFO] ------------------------------------------------------------------------
[ERROR] Failed to execute goal org.apache.maven.plugins:maven-compiler-plugin:3.13.0:compile (default-compile) on project student-management-system: Compilation failure: Compilation failure: 
[ERROR] /C:/Users/ZakariaOsman/IdeaProjects/StudentGradeManagementSystem/src/main/java/scheduler/TaskScheduler.java:[225,17] cannot find symbol
[ERROR]   symbol:   class Grade
[ERROR]   location: class scheduler.TaskScheduler
[ERROR] /C:/Users/ZakariaOsman/IdeaProjects/StudentGradeManagementSystem/src/main/java/scheduler/TaskScheduler.java:[256,17] cannot find symbol
[ERROR]   symbol:   class Grade
[ERROR]   location: class scheduler.TaskScheduler
[ERROR] /C:/Users/ZakariaOsman/IdeaProjects/StudentGradeManagementSystem/src/main/java/search/ConcurrentReportGenerator.java:[190,21] cannot find symbol
[ERROR]   symbol:   class Grade
[ERROR]   location: class search.ConcurrentReportGenerator.ReportTask
[ERROR] /C:/Users/ZakariaOsman/IdeaProjects/StudentGradeManagementSystem/src/main/java/search/ConcurrentReportGenerator.java:[475,13] cannot find symbol
[ERROR]   symbol:   class Grade
[ERROR]   location: class search.ConcurrentReportGenerator
[ERROR] /C:/Users/ZakariaOsman/IdeaProjects/StudentGradeManagementSystem/src/main/java/search/ConcurrentReportGenerator.java:[491,13] cannot find symbol
[ERROR]   symbol:   class Grade
[ERROR]   location: class search.ConcurrentReportGenerator
[ERROR] /C:/Users/ZakariaOsman/IdeaProjects/StudentGradeManagementSystem/src/main/java/search/RegexSearchEngine.java:[573,51] cannot find symbol
[ERROR]   symbol:   class HonorsStudent
[ERROR]   location: class search.RegexSearchEngine
[ERROR] /C:/Users/ZakariaOsman/IdeaProjects/StudentGradeManagementSystem/src/main/java/search/RegexSearchEngine.java:[578,51] cannot find symbol
[ERROR]   symbol:   class RegularStudent
[ERROR]   location: class search.RegexSearchEngine
[ERROR] /C:/Users/ZakariaOsman/IdeaProjects/StudentGradeManagementSystem/src/main/java/ui/Main.java:[48,34] cannot find symbol
[ERROR]   symbol:   class TaskScheduler
[ERROR]   location: class ui.Main
[ERROR] /C:/Users/ZakariaOsman/IdeaProjects/StudentGradeManagementSystem/src/main/java/ui/Main.java:[58,18] cannot find symbol
[ERROR]   symbol:   class Student
[ERROR]   location: class ui.Main
[ERROR] /C:/Users/ZakariaOsman/IdeaProjects/StudentGradeManagementSystem/src/main/java/ui/Menu.java:[195,38] cannot find symbol
[ERROR]   symbol:   variable StudentFactory
[ERROR]   location: class ui.Menu
[ERROR] /C:/Users/ZakariaOsman/IdeaProjects/StudentGradeManagementSystem/src/main/java/ui/Menu.java:[200,21] cannot find symbol
[ERROR]   symbol:   variable CacheManager
[ERROR]   location: class ui.Menu
[ERROR] /C:/Users/ZakariaOsman/IdeaProjects/StudentGradeManagementSystem/src/main/java/ui/Menu.java:[206,23] cannot find symbol
[ERROR]   symbol:   variable AuditLogger
[ERROR]   location: class ui.Menu
[ERROR] /C:/Users/ZakariaOsman/IdeaProjects/StudentGradeManagementSystem/src/main/java/ui/Menu.java:[215,23] cannot find symbol
[ERROR]   symbol:   variable AuditLogger
[ERROR]   location: class ui.Menu
[ERROR] /C:/Users/ZakariaOsman/IdeaProjects/StudentGradeManagementSystem/src/main/java/ui/Menu.java:[220,23] cannot find symbol
[ERROR]   symbol:   variable AuditLogger
[ERROR]   location: class ui.Menu
[ERROR] /C:/Users/ZakariaOsman/IdeaProjects/StudentGradeManagementSystem/src/main/java/ui/Menu.java:[261,30] cannot find symbol
[ERROR]   symbol:   class HonorsStudent
[ERROR]   location: class ui.Menu
[ERROR] /C:/Users/ZakariaOsman/IdeaProjects/StudentGradeManagementSystem/src/main/java/ui/Menu.java:[309,17] cannot find symbol
[ERROR]   symbol:   class Subject
[ERROR]   location: class ui.Menu
[ERROR] /C:/Users/ZakariaOsman/IdeaProjects/StudentGradeManagementSystem/src/main/java/ui/Menu.java:[317,52] cannot find symbol
[ERROR]   symbol:   class CoreSubject
[ERROR]   location: class ui.Menu
[ERROR] /C:/Users/ZakariaOsman/IdeaProjects/StudentGradeManagementSystem/src/main/java/ui/Menu.java:[318,57] cannot find symbol
[ERROR]   symbol:   class CoreSubject
[ERROR]   location: class ui.Menu
[ERROR] /C:/Users/ZakariaOsman/IdeaProjects/StudentGradeManagementSystem/src/main/java/ui/Menu.java:[319,57] cannot find symbol
[ERROR]   symbol:   class CoreSubject
[ERROR]   location: class ui.Menu
[ERROR] /C:/Users/ZakariaOsman/IdeaProjects/StudentGradeManagementSystem/src/main/java/ui/Menu.java:[328,52] cannot find symbol
[ERROR]   symbol:   class ElectiveSubject
[ERROR]   location: class ui.Menu
[ERROR] /C:/Users/ZakariaOsman/IdeaProjects/StudentGradeManagementSystem/src/main/java/ui/Menu.java:[329,57] cannot find symbol
[ERROR]   symbol:   class ElectiveSubject
[ERROR]   location: class ui.Menu
[ERROR] /C:/Users/ZakariaOsman/IdeaProjects/StudentGradeManagementSystem/src/main/java/ui/Menu.java:[330,57] cannot find symbol
[ERROR]   symbol:   class ElectiveSubject
[ERROR]   location: class ui.Menu
[ERROR] /C:/Users/ZakariaOsman/IdeaProjects/StudentGradeManagementSystem/src/main/java/ui/Menu.java:[343,17] cannot find symbol
[ERROR]   symbol:   class Grade
[ERROR]   location: class ui.Menu
[ERROR] /C:/Users/ZakariaOsman/IdeaProjects/StudentGradeManagementSystem/src/main/java/ui/Menu.java:[343,38] cannot find symbol
[ERROR]   symbol:   class Grade
[ERROR]   location: class ui.Menu
[ERROR] /C:/Users/ZakariaOsman/IdeaProjects/StudentGradeManagementSystem/src/main/java/ui/Menu.java:[372,19] cannot find symbol
[ERROR]   symbol:   variable AuditLogger
[ERROR]   location: class ui.Menu
[ERROR] /C:/Users/ZakariaOsman/IdeaProjects/StudentGradeManagementSystem/src/main/java/ui/Menu.java:[375,19] cannot find symbol
[ERROR]   symbol:   variable AuditLogger
[ERROR]   location: class ui.Menu
[ERROR] /C:/Users/ZakariaOsman/IdeaProjects/StudentGradeManagementSystem/src/main/java/ui/Menu.java:[405,13] cannot find symbol
[ERROR]   symbol:   class Grade
[ERROR]   location: class ui.Menu
[ERROR] /C:/Users/ZakariaOsman/IdeaProjects/StudentGradeManagementSystem/src/main/java/ui/Menu.java:[407,43] gradeToGPA(int) is not public in core.Student; cannot be accessed from outside package
[ERROR] /C:/Users/ZakariaOsman/IdeaProjects/StudentGradeManagementSystem/src/main/java/ui/Menu.java:[492,9] cannot find symbol
[ERROR]   symbol:   class Grade
[ERROR]   location: class ui.Menu
[ERROR] /C:/Users/ZakariaOsman/IdeaProjects/StudentGradeManagementSystem/src/main/java/ui/Menu.java:[493,9] cannot find symbol
[ERROR]   symbol:   class Grade
[ERROR]   location: class ui.Menu
[ERROR] /C:/Users/ZakariaOsman/IdeaProjects/StudentGradeManagementSystem/src/main/java/ui/Menu.java:[496,13] cannot find symbol
[ERROR]   symbol:   class Grade
[ERROR]   location: class ui.Menu
[ERROR] /C:/Users/ZakariaOsman/IdeaProjects/StudentGradeManagementSystem/src/main/java/ui/Menu.java:[564,13] cannot find symbol
[ERROR]   symbol:   class Grade
[ERROR]   location: class ui.Menu
[ERROR] /C:/Users/ZakariaOsman/IdeaProjects/StudentGradeManagementSystem/src/main/java/ui/Menu.java:[598,30] cannot find symbol
[ERROR]   symbol:   class HonorsStudent
[ERROR]   location: class ui.Menu
[ERROR] /C:/Users/ZakariaOsman/IdeaProjects/StudentGradeManagementSystem/src/main/java/ui/Menu.java:[671,25] cannot find symbol
[ERROR]   symbol:   class Grade
[ERROR]   location: class ui.Menu
[ERROR] /C:/Users/ZakariaOsman/IdeaProjects/StudentGradeManagementSystem/src/main/java/ui/Menu.java:[770,60] fileName is not public in manager.FileFormatManager.FileStats; cannot be accessed from outside package
[ERROR] /C:/Users/ZakariaOsman/IdeaProjects/StudentGradeManagementSystem/src/main/java/ui/Menu.java:[771,65] fileSize is not public in manager.FileFormatManager.FileStats; cannot be accessed from outside package
[ERROR] /C:/Users/ZakariaOsman/IdeaProjects/StudentGradeManagementSystem/src/main/java/ui/Menu.java:[772,73] recordsProcessed is not public in manager.FileFormatManager.FileStats; cannot be accessed from outside package
[ERROR] /C:/Users/ZakariaOsman/IdeaProjects/StudentGradeManagementSystem/src/main/java/ui/Menu.java:[773,77] successCount is not public in manager.FileFormatManager.FileStats; cannot be accessed from outside package
[ERROR] /C:/Users/ZakariaOsman/IdeaProjects/StudentGradeManagementSystem/src/main/java/ui/Menu.java:[774,62] failureCount is not public in manager.FileFormatManager.FileStats; cannot be accessed from outside package
[ERROR] /C:/Users/ZakariaOsman/IdeaProjects/StudentGradeManagementSystem/src/main/java/ui/Menu.java:[775,65] readTime is not public in manager.FileFormatManager.FileStats; cannot be accessed from outside package
[ERROR] /C:/Users/ZakariaOsman/IdeaProjects/StudentGradeManagementSystem/src/main/java/ui/Menu.java:[782,48] fileName is not public in manager.FileFormatManager.FileStats; cannot be accessed from outside package
[ERROR] /C:/Users/ZakariaOsman/IdeaProjects/StudentGradeManagementSystem/src/main/java/ui/Menu.java:[782,77] recordsProcessed is not public in manager.FileFormatManager.FileStats; cannot be accessed from outside package
[ERROR] /C:/Users/ZakariaOsman/IdeaProjects/StudentGradeManagementSystem/src/main/java/ui/Menu.java:[783,52] successCount is not public in manager.FileFormatManager.FileStats; cannot be accessed from outside package
[ERROR] /C:/Users/ZakariaOsman/IdeaProjects/StudentGradeManagementSystem/src/main/java/ui/Menu.java:[783,86] failureCount is not public in manager.FileFormatManager.FileStats; cannot be accessed from outside package
[ERROR] /C:/Users/ZakariaOsman/IdeaProjects/StudentGradeManagementSystem/src/main/java/ui/Menu.java:[781,29] cannot find symbol
[ERROR]   symbol:   variable AuditLogger
[ERROR]   location: class ui.Menu
[ERROR] /C:/Users/ZakariaOsman/IdeaProjects/StudentGradeManagementSystem/src/main/java/ui/Menu.java:[908,50] cannot find symbol
[ERROR]   symbol:   variable StudentFactory
[ERROR]   location: class ui.Menu
[ERROR] /C:/Users/ZakariaOsman/IdeaProjects/StudentGradeManagementSystem/src/main/java/ui/Menu.java:[914,33] cannot find symbol
[ERROR]   symbol:   variable CacheManager
[ERROR]   location: class ui.Menu
[ERROR] /C:/Users/ZakariaOsman/IdeaProjects/StudentGradeManagementSystem/src/main/java/ui/Menu.java:[950,21] cannot find symbol
[ERROR]   symbol:   variable AuditLogger
[ERROR]   location: class ui.Menu
[ERROR] /C:/Users/ZakariaOsman/IdeaProjects/StudentGradeManagementSystem/src/main/java/ui/Menu.java:[962,23] cannot find symbol
[ERROR]   symbol:   variable AuditLogger
[ERROR]   location: class ui.Menu
[ERROR] /C:/Users/ZakariaOsman/IdeaProjects/StudentGradeManagementSystem/src/main/java/ui/Menu.java:[1336,23] cannot find symbol
[ERROR]   symbol:   class Grade
[ERROR]   location: class ui.Menu
[ERROR] /C:/Users/ZakariaOsman/IdeaProjects/StudentGradeManagementSystem/src/main/java/ui/Menu.java:[1389,39] recordsProcessed is not public in manager.FileFormatManager.FileStats; cannot be accessed from outside package
[ERROR] /C:/Users/ZakariaOsman/IdeaProjects/StudentGradeManagementSystem/src/main/java/ui/Menu.java:[1465,13] cannot find symbol
[ERROR]   symbol:   class StatisticsDashboard
[ERROR]   location: class ui.Menu
[ERROR] /C:/Users/ZakariaOsman/IdeaProjects/StudentGradeManagementSystem/src/main/java/ui/Menu.java:[1465,49] cannot find symbol
[ERROR]   symbol:   class StatisticsDashboard
[ERROR]   location: class ui.Menu
[ERROR] /C:/Users/ZakariaOsman/IdeaProjects/StudentGradeManagementSystem/src/main/java/ui/Menu.java:[1518,13] cannot find symbol
[ERROR]   symbol:   class ConcurrentReportGenerator
[ERROR]   location: class ui.Menu
[ERROR] /C:/Users/ZakariaOsman/IdeaProjects/StudentGradeManagementSystem/src/main/java/ui/Menu.java:[1518,55] cannot find symbol
[ERROR]   symbol:   class ConcurrentReportGenerator
[ERROR]   location: class ui.Menu
[ERROR] /C:/Users/ZakariaOsman/IdeaProjects/StudentGradeManagementSystem/src/main/java/ui/Menu.java:[1521,50] package ConcurrentReportGenerator does not exist
[ERROR] /C:/Users/ZakariaOsman/IdeaProjects/StudentGradeManagementSystem/src/main/java/ui/Menu.java:[1948,64] student is not public in search.RegexSearchEngine.SearchResult; cannot be accessed from outside package
[ERROR] /C:/Users/ZakariaOsman/IdeaProjects/StudentGradeManagementSystem/src/main/java/ui/Menu.java:[1949,59] student is not public in search.RegexSearchEngine.SearchResult; cannot be accessed from outside package
[ERROR] /C:/Users/ZakariaOsman/IdeaProjects/StudentGradeManagementSystem/src/main/java/ui/Menu.java:[1950,62] student is not public in search.RegexSearchEngine.SearchResult; cannot be accessed from outside package
[ERROR] /C:/Users/ZakariaOsman/IdeaProjects/StudentGradeManagementSystem/src/main/java/ui/Menu.java:[1951,62] student is not public in search.RegexSearchEngine.SearchResult; cannot be accessed from outside package
[ERROR] /C:/Users/ZakariaOsman/IdeaProjects/StudentGradeManagementSystem/src/main/java/ui/Menu.java:[1952,82] student is not public in search.RegexSearchEngine.SearchResult; cannot be accessed from outside package
[ERROR] /C:/Users/ZakariaOsman/IdeaProjects/StudentGradeManagementSystem/src/main/java/ui/Menu.java:[1953,63] student is not public in search.RegexSearchEngine.SearchResult; cannot be accessed from outside package
[ERROR] /C:/Users/ZakariaOsman/IdeaProjects/StudentGradeManagementSystem/src/main/java/ui/Menu.java:[1954,70] matchedField is not public in search.RegexSearchEngine.SearchResult; cannot be accessed from outside package
[ERROR] /C:/Users/ZakariaOsman/IdeaProjects/StudentGradeManagementSystem/src/main/java/ui/Menu.java:[1955,68] highlightedMatch is not public in search.RegexSearchEngine.SearchResult; cannot be accessed from outside package
[ERROR] /C:/Users/ZakariaOsman/IdeaProjects/StudentGradeManagementSystem/src/main/java/ui/Menu.java:[1975,9] cannot find symbol
[ERROR]   symbol:   class CacheManager
[ERROR]   location: class ui.Menu
[ERROR] /C:/Users/ZakariaOsman/IdeaProjects/StudentGradeManagementSystem/src/main/java/ui/Menu.java:[1975,30] cannot find symbol
[ERROR]   symbol:   variable CacheManager
[ERROR]   location: class ui.Menu
[ERROR] /C:/Users/ZakariaOsman/IdeaProjects/StudentGradeManagementSystem/src/main/java/ui/Menu.java:[2087,13] cannot find symbol
[ERROR]   symbol:   class Grade
[ERROR]   location: class ui.Menu
[ERROR] /C:/Users/ZakariaOsman/IdeaProjects/StudentGradeManagementSystem/src/main/java/ui/Menu.java:[2125,13] cannot find symbol
[ERROR]   symbol:   class Grade
[ERROR]   location: class ui.Menu
[ERROR] /C:/Users/ZakariaOsman/IdeaProjects/StudentGradeManagementSystem/src/main/java/ui/Menu.java:[2153,13] cannot find symbol
[ERROR]   symbol:   class Grade
[ERROR]   location: class ui.Menu
[ERROR] /C:/Users/ZakariaOsman/IdeaProjects/StudentGradeManagementSystem/src/main/java/ui/Menu.java:[2186,13] cannot find symbol
[ERROR]   symbol:   class Grade
[ERROR]   location: class ui.Menu
[ERROR] /C:/Users/ZakariaOsman/IdeaProjects/StudentGradeManagementSystem/src/main/java/ui/Menu.java:[2219,13] cannot find symbol
[ERROR]   symbol:   class Grade
[ERROR]   location: class ui.Menu
[ERROR] /C:/Users/ZakariaOsman/IdeaProjects/StudentGradeManagementSystem/src/main/java/ui/Menu.java:[2260,13] cannot find symbol
[ERROR]   symbol:   class Grade
[ERROR]   location: class ui.Menu
[ERROR] /C:/Users/ZakariaOsman/IdeaProjects/StudentGradeManagementSystem/src/main/java/ui/Menu.java:[2329,13] cannot find symbol
[ERROR]   symbol:   class Grade
[ERROR]   location: class ui.Menu
[ERROR] /C:/Users/ZakariaOsman/IdeaProjects/StudentGradeManagementSystem/src/main/java/ui/Menu.java:[2378,9] cannot find symbol
[ERROR]   symbol:   class AuditLogger
[ERROR]   location: class ui.Menu
[ERROR] /C:/Users/ZakariaOsman/IdeaProjects/StudentGradeManagementSystem/src/main/java/ui/Menu.java:[2378,30] cannot find symbol
[ERROR]   symbol:   variable AuditLogger
[ERROR]   location: class ui.Menu
[ERROR] /C:/Users/ZakariaOsman/IdeaProjects/StudentGradeManagementSystem/src/main/java/ui/Menu.java:[2505,43] cannot find symbol
[ERROR]   symbol:   class HonorsStudent
[ERROR]   location: class ui.Menu
[ERROR] /C:/Users/ZakariaOsman/IdeaProjects/StudentGradeManagementSystem/src/main/java/ui/Menu.java:[2518,43] cannot find symbol
[ERROR]   symbol:   class HonorsStudent
[ERROR]   location: class ui.Menu
[ERROR] /C:/Users/ZakariaOsman/IdeaProjects/StudentGradeManagementSystem/src/main/java/ui/Menu.java:[2527,43] cannot find symbol
[ERROR]   symbol:   class HonorsStudent
[ERROR]   location: class ui.Menu
[ERROR] /C:/Users/ZakariaOsman/IdeaProjects/StudentGradeManagementSystem/src/main/java/ui/Menu.java:[2581,52] cannot find symbol
[ERROR]   symbol:   variable Grade
[ERROR]   location: class ui.Menu
[ERROR] -> [Help 1]
[ERROR] 
[ERROR] To see the full stack trace of the errors, re-run Maven with the -e switch.
[ERROR] Re-run Maven using the -X switch to enable full debug logging.
[ERROR] 
[ERROR] For more information about the errors and possible solutions, please read the following articles:
[ERROR] [Help 1] http://cwiki.apache.org/confluence/display/MAVEN/MojoFailureException
